// Jest Snapshot v1, https://goo.gl/fbAQLP

exports[`GitHubStats renders correctly 1`] = `
<div>
  <p>
    This is GitHubStats
  </p>
</div>
`;
