// Jest Snapshot v1, https://goo.gl/fbAQLP

exports[`MyComponent renders correctly 1`] = `
<div>
  <p>
    This is MyComponent
  </p>
</div>
`;
